--------- beginning of main
--------- beginning of system
---------------------------- PROCESS STARTED (3122) for package com.example.financialapp ----------------------------
2025-07-08 16:48:55.320  3122-3122  nativeloader            com.example.financialapp             D  Configuring clns-9 for other apk /data/app/~~g9KuHgextp0uMfXVhXadCg==/com.example.financialapp-0TSoet5GBlSZjrpF17cpDg==/base.apk. target_sdk_version=35, uses_libraries=, library_path=/data/app/~~g9KuHgextp0uMfXVhXadCg==/com.example.financialapp-0TSoet5GBlSZjrpF17cpDg==/lib/x86_64, permitted_path=/data:/mnt/expand:/data/user/0/com.example.financialapp
2025-07-08 16:48:55.322  3122-3122  CompatChangeReporter    com.example.financialapp             D  Compat change id reported: 202956589; UID 10216; state: ENABLED
2025-07-08 16:48:55.327  3122-3122  le.financialapp         com.example.financialapp             I  AssetManager2(0x77135f2157b8) locale list changing from [] to [en-US]
2025-07-08 16:48:55.346  3122-3122  GraphicsEnvironment     com.example.financialapp             V  Currently set values for:
2025-07-08 16:48:55.346  3122-3122  GraphicsEnvironment     com.example.financialapp             V    angle_gl_driver_selection_pkgs=[]
2025-07-08 16:48:55.346  3122-3122  GraphicsEnvironment     com.example.financialapp             V    angle_gl_driver_selection_values=[]
2025-07-08 16:48:55.346  3122-3122  GraphicsEnvironment     com.example.financialapp             V  com.example.financialapp is not listed in per-application setting
2025-07-08 16:48:55.346  3122-3122  GraphicsEnvironment     com.example.financialapp             V  ANGLE allowlist from config: 
2025-07-08 16:48:55.346  3122-3122  GraphicsEnvironment     com.example.financialapp             V  com.example.financialapp is not listed in ANGLE allowlist or settings, returning default
2025-07-08 16:48:55.346  3122-3122  GraphicsEnvironment     com.example.financialapp             V  Neither updatable production driver nor prerelease driver is supported.
2025-07-08 16:48:55.386  3122-3122  CompatChangeReporter    com.example.financialapp             D  Compat change id reported: 279646685; UID 10216; state: ENABLED
2025-07-08 16:48:55.422  3122-3163  Repository              com.example.financialapp             D  清理旧系统记录，准备使用锚点系统
2025-07-08 16:48:55.422  3122-3163  Repository              com.example.financialapp             D  旧系统记录已清理，锚点系统已就绪
2025-07-08 16:48:55.422  3122-3163  FinancialApplication    com.example.financialapp             D  锚点系统启动完成
2025-07-08 16:48:55.455  3122-3166  DisplayManager          com.example.financialapp             I  Choreographer implicitly registered for the refresh rate.
2025-07-08 16:48:55.466  3122-3122  le.financialapp         com.example.financialapp             I  AssetManager2(0x77135f210678) locale list changing from [] to [en-US]
2025-07-08 16:48:55.558  3122-3122  AppCompatDelegate       com.example.financialapp             D  Checking for metadata for AppLocalesMetadataHolderService : Service not found
2025-07-08 16:48:55.560  3122-3122  le.financialapp         com.example.financialapp             I  AssetManager2(0x77135f210cb8) locale list changing from [] to [en-US]
2025-07-08 16:48:55.611  3122-3122  ashmem                  com.example.financialapp             E  Pinning is deprecated since Android Q. Please use trim or other methods.
2025-07-08 16:48:55.710  3122-3166  EGL_emulation           com.example.financialapp             I  Opening libGLESv1_CM_emulation.so
2025-07-08 16:48:55.721  3122-3166  EGL_emulation           com.example.financialapp             I  Opening libGLESv2_emulation.so
2025-07-08 16:48:55.776  3122-3166  HWUI                    com.example.financialapp             W  Failed to choose config with EGL_SWAP_BEHAVIOR_PRESERVED, retrying without...
2025-07-08 16:48:55.777  3122-3166  HWUI                    com.example.financialapp             W  Failed to initialize 101010-2 format, error = EGL_SUCCESS
2025-07-08 16:48:55.814  3122-3122  CompatChangeReporter    com.example.financialapp             D  Compat change id reported: 63938206; UID 10216; state: ENABLED
2025-07-08 16:48:56.076  3122-3122  HWUI                    com.example.financialapp             W  Image decoding logging dropped!
2025-07-08 16:48:56.117  3122-3122  HWUI                    com.example.financialapp             W  Image decoding logging dropped!
2025-07-08 16:48:56.148  3122-3122  CompatChangeReporter    com.example.financialapp             D  Compat change id reported: 309578419; UID 10216; state: ENABLED
2025-07-08 16:48:56.151  3122-3122  DesktopModeFlags        com.example.financialapp             D  Toggle override initialized to: OVERRIDE_UNSET
2025-07-08 16:48:56.173  3122-3122  le.financialapp         com.example.financialapp             I  hiddenapi: Accessing hidden method Landroid/view/ViewGroup;->makeOptionalFitsSystemWindows()V (runtime_flags=0, domain=platform, api=unsupported) from Landroidx/appcompat/widget/ViewUtils; (domain=app) using reflection: allowed
2025-07-08 16:48:56.189  3122-3122  MainActivity            com.example.financialapp             D  导航到: 主页
2025-07-08 16:48:56.190  3122-3122  Repository              com.example.financialapp             D  锚点系统：月份切换到2025年7月，不自动创建记录
2025-07-08 16:48:56.190  3122-3122  Repository              com.example.financialapp             D  更新显示值，当前月份: 2025-07
2025-07-08 16:48:56.191  3122-3122  Repository              com.example.financialapp             D  获取2025年7月设置: 工资=0.0, 来源=无记录
2025-07-08 16:48:56.195  3122-3122  Repository              com.example.financialapp             D  更新前 - 工资项: 2个, 总工资: 0.0, 社保: 0.08, 公积金: 0.12
2025-07-08 16:48:56.196  3122-3122  Repository              com.example.financialapp             D  更新后 - 工资项: 2个, 总工资: 0.0, 社保: 0.0, 公积金: 0.0
2025-07-08 16:48:56.197  3122-3122  Repository              com.example.financialapp             D  切换到2025年7月
2025-07-08 16:48:56.197  3122-3122  MainActivity            com.example.financialapp             D  当前Fragment数量: 1
2025-07-08 16:48:56.201  3122-3122  MainActivity            com.example.financialapp             D  Fragment类型: HomeFragment
2025-07-08 16:48:56.202  3122-3122  MainActivity            com.example.financialapp             D  月份切换到2025年7月
2025-07-08 16:48:56.202  3122-3122  MainActivity            com.example.financialapp             D  应用启动成功
2025-07-08 16:48:56.374  3122-3122  CompatChangeReporter    com.example.financialapp             D  Compat change id reported: 352594277; UID 10216; state: ENABLED
2025-07-08 16:48:56.418  3122-3122  CompatChangeReporter    com.example.financialapp             D  Compat change id reported: 349153669; UID 10216; state: ENABLED
2025-07-08 16:48:56.430  3122-3122  HWUI                    com.example.financialapp             W  Unknown dataspace 0
2025-07-08 16:48:57.099  3122-3122  Repository              com.example.financialapp             D  锚点系统：月份切换到2025年7月，不自动创建记录
2025-07-08 16:48:57.099  3122-3122  Repository              com.example.financialapp             D  更新显示值，当前月份: 2025-07
2025-07-08 16:48:57.099  3122-3122  Repository              com.example.financialapp             D  获取2025年7月设置: 工资=0.0, 来源=无记录
2025-07-08 16:48:57.099  3122-3122  Repository              com.example.financialapp             D  更新前 - 工资项: 2个, 总工资: 0.0, 社保: 0.0, 公积金: 0.0
2025-07-08 16:48:57.099  3122-3122  Repository              com.example.financialapp             D  更新后 - 工资项: 2个, 总工资: 0.0, 社保: 0.0, 公积金: 0.0
2025-07-08 16:48:57.099  3122-3122  Repository              com.example.financialapp             D  切换到2025年7月
2025-07-08 16:48:57.102  3122-3122  MainActivity            com.example.financialapp             D  当前Fragment数量: 1
2025-07-08 16:48:57.102  3122-3122  MainActivity            com.example.financialapp             D  Fragment类型: HomeFragment
2025-07-08 16:48:57.102  3122-3122  MainActivity            com.example.financialapp             D  月份切换到2025年7月
2025-07-08 16:48:57.107  3122-3122  Choreographer           com.example.financialapp             I  Skipped 37 frames!  The application may be doing too much work on its main thread.
2025-07-08 16:48:57.189  3122-3139  HWUI                    com.example.financialapp             I  Davey! duration=701ms; Flags=0, FrameTimelineVsyncId=9354, IntendedVsync=73819374597, Vsync=74436041239, InputEventId=0, HandleInputStart=74449272512, AnimationStart=74449275979, PerformTraversalsStart=74458945746, DrawStart=74459208848, FrameDeadline=74486041237, FrameStartTime=74438996846, FrameInterval=16666666, WorkloadTarget=16666666, SyncQueued=74494072121, SyncStart=74494160888, IssueDrawCommandsStart=74494368968, SwapBuffers=74497738209, FrameCompleted=74520977250, DequeueBufferDuration=4614, QueueBufferDuration=552934, GpuCompleted=74520977250, SwapBuffersCompleted=74506440911, DisplayPresentTime=0, CommandSubmissionCompleted=74497738209, 
2025-07-08 16:48:57.241  3122-3122  Repository              com.example.financialapp             D  锚点系统：月份切换到2025年7月，不自动创建记录
2025-07-08 16:48:57.246  3122-3122  Repository              com.example.financialapp             D  更新显示值，当前月份: 2025-07
2025-07-08 16:48:57.247  3122-3122  Repository              com.example.financialapp             D  获取2025年7月设置: 工资=0.0, 来源=无记录
2025-07-08 16:48:57.247  3122-3122  Repository              com.example.financialapp             D  更新前 - 工资项: 2个, 总工资: 0.0, 社保: 0.0, 公积金: 0.0
2025-07-08 16:48:57.248  3122-3122  Repository              com.example.financialapp             D  更新后 - 工资项: 2个, 总工资: 0.0, 社保: 0.0, 公积金: 0.0
2025-07-08 16:48:57.248  3122-3122  Repository              com.example.financialapp             D  切换到2025年7月
2025-07-08 16:48:57.486  3122-3122  InsetsController        com.example.financialapp             D  hide(ime(), fromIme=false)
2025-07-08 16:48:57.486  3122-3122  ImeTracker              com.example.financialapp             I  com.example.financialapp:8269ff7b: onCancelled at PHASE_CLIENT_ALREADY_HIDDEN
2025-07-08 16:48:57.551  3122-3264  Repository              com.example.financialapp             D  获取2025年7月设置: 工资=0.0, 来源=无记录
2025-07-08 16:48:57.552  3122-3264  Repository              com.example.financialapp             D  获取2025年1月设置: 工资=0.0, 来源=无记录
2025-07-08 16:48:57.552  3122-3264  Repository              com.example.financialapp             D  获取2025年2月设置: 工资=0.0, 来源=无记录
2025-07-08 16:48:57.552  3122-3264  Repository              com.example.financialapp             D  获取2025年3月设置: 工资=0.0, 来源=无记录
2025-07-08 16:48:57.552  3122-3264  Repository              com.example.financialapp             D  获取2025年4月设置: 工资=0.0, 来源=无记录
2025-07-08 16:48:57.552  3122-3264  Repository              com.example.financialapp             D  获取2025年5月设置: 工资=0.0, 来源=无记录
2025-07-08 16:48:57.552  3122-3264  Repository              com.example.financialapp             D  获取2025年6月设置: 工资=0.0, 来源=无记录
2025-07-08 16:48:57.553  3122-3264  Repository              com.example.financialapp             D  获取2025年7月设置: 工资=0.0, 来源=无记录
2025-07-08 16:48:57.553  3122-3264  Repository              com.example.financialapp             D  获取2025年1月设置: 工资=0.0, 来源=无记录
2025-07-08 16:48:57.553  3122-3264  Repository              com.example.financialapp             D  获取2025年2月设置: 工资=0.0, 来源=无记录
2025-07-08 16:48:57.553  3122-3264  Repository              com.example.financialapp             D  获取2025年3月设置: 工资=0.0, 来源=无记录
2025-07-08 16:48:57.553  3122-3264  Repository              com.example.financialapp             D  获取2025年4月设置: 工资=0.0, 来源=无记录
2025-07-08 16:48:57.553  3122-3264  Repository              com.example.financialapp             D  获取2025年5月设置: 工资=0.0, 来源=无记录
2025-07-08 16:48:57.553  3122-3264  Repository              com.example.financialapp             D  获取2025年6月设置: 工资=0.0, 来源=无记录
2025-07-08 16:48:57.553  3122-3264  Repository              com.example.financialapp             D  累积计税: 2025年7月
2025-07-08 16:48:57.569  3122-3266  Repository              com.example.financialapp             D  获取2025年7月设置: 工资=0.0, 来源=无记录
2025-07-08 16:48:57.570  3122-3266  Repository              com.example.financialapp             D  获取2025年1月设置: 工资=0.0, 来源=无记录
2025-07-08 16:48:57.571  3122-3264  Repository              com.example.financialapp             D  累计应纳税所得额: 0.0
2025-07-08 16:48:57.571  3122-3264  Repository              com.example.financialapp             D  累计应纳税额: 0.0
2025-07-08 16:48:57.572  3122-3264  Repository              com.example.financialapp             D  上月累计已缴税额: 0.0
2025-07-08 16:48:57.572  3122-3264  Repository              com.example.financialapp             D  当月应缴税额: 0.0
2025-07-08 16:48:57.572  3122-3264  Repository              com.example.financialapp             D  财务计算: 总工资=0.0, 纳税基数=0.0, 社保基数=0.0
2025-07-08 16:48:57.572  3122-3264  Repository              com.example.financialapp             D  社保=0.0, 公积金=0.0, 税额=0.0, 实发=0.0
2025-07-08 16:48:57.576  3122-3266  Repository              com.example.financialapp             D  获取2025年2月设置: 工资=0.0, 来源=无记录
2025-07-08 16:48:57.597  3122-3266  Repository              com.example.financialapp             D  获取2025年3月设置: 工资=0.0, 来源=无记录
2025-07-08 16:48:57.597  3122-3266  Repository              com.example.financialapp             D  获取2025年4月设置: 工资=0.0, 来源=无记录
2025-07-08 16:48:57.597  3122-3266  Repository              com.example.financialapp             D  获取2025年5月设置: 工资=0.0, 来源=无记录
2025-07-08 16:48:57.597  3122-3266  Repository              com.example.financialapp             D  获取2025年6月设置: 工资=0.0, 来源=无记录
2025-07-08 16:48:57.597  3122-3266  Repository              com.example.financialapp             D  获取2025年7月设置: 工资=0.0, 来源=无记录
2025-07-08 16:48:57.597  3122-3266  Repository              com.example.financialapp             D  获取2025年1月设置: 工资=0.0, 来源=无记录
2025-07-08 16:48:57.597  3122-3266  Repository              com.example.financialapp             D  获取2025年2月设置: 工资=0.0, 来源=无记录
2025-07-08 16:48:57.597  3122-3266  Repository              com.example.financialapp             D  获取2025年3月设置: 工资=0.0, 来源=无记录
2025-07-08 16:48:57.597  3122-3266  Repository              com.example.financialapp             D  获取2025年4月设置: 工资=0.0, 来源=无记录
2025-07-08 16:48:57.597  3122-3266  Repository              com.example.financialapp             D  获取2025年5月设置: 工资=0.0, 来源=无记录
2025-07-08 16:48:57.597  3122-3266  Repository              com.example.financialapp             D  获取2025年6月设置: 工资=0.0, 来源=无记录
2025-07-08 16:48:57.597  3122-3266  Repository              com.example.financialapp             D  累积计税: 2025年7月
2025-07-08 16:48:57.603  3122-3266  Repository              com.example.financialapp             D  累计应纳税所得额: 0.0
2025-07-08 16:48:57.603  3122-3266  Repository              com.example.financialapp             D  累计应纳税额: 0.0
2025-07-08 16:48:57.603  3122-3266  Repository              com.example.financialapp             D  上月累计已缴税额: 0.0
2025-07-08 16:48:57.603  3122-3266  Repository              com.example.financialapp             D  当月应缴税额: 0.0
2025-07-08 16:48:57.603  3122-3266  Repository              com.example.financialapp             D  财务计算: 总工资=0.0, 纳税基数=0.0, 社保基数=0.0
2025-07-08 16:48:57.603  3122-3266  Repository              com.example.financialapp             D  社保=0.0, 公积金=0.0, 税额=0.0, 实发=0.0
2025-07-08 16:48:57.645  3122-3122  HomeViewModel           com.example.financialapp             D  财务数据已更新(数据变更): 工资=0.0, 净收入=0.0
2025-07-08 16:48:57.687  3122-3122  HomeViewModel           com.example.financialapp             D  财务数据已更新(设置变更): 工资=0.0, 净收入=0.0
2025-07-08 16:48:59.964  3122-3132  le.financialapp         com.example.financialapp             I  Compiler allocated 5042KB to compile void android.view.ViewRootImpl.performTraversals()
2025-07-08 16:49:00.853  3122-3471  ProfileInstaller        com.example.financialapp             D  Installing profile for com.example.financialapp
2025-07-08 16:49:01.414  3122-3122  MainActivity            com.example.financialapp             D  导航到: 设置
2025-07-08 16:49:01.494  3122-3122  ImeTracker              com.example.financialapp             I  com.example.financialapp:92c7aa08: onRequestHide at ORIGIN_CLIENT reason HIDE_SOFT_INPUT fromUser false
2025-07-08 16:49:01.502  3122-3122  InsetsController        com.example.financialapp             D  hide(ime(), fromIme=false)
2025-07-08 16:49:01.502  3122-3122  ImeTracker              com.example.financialapp             I  com.example.financialapp:92c7aa08: onCancelled at PHASE_CLIENT_ALREADY_HIDDEN
2025-07-08 16:49:01.680  3122-3122  CompatChangeReporter    com.example.financialapp             D  Compat change id reported: 303326708; UID 10216; state: ENABLED
2025-07-08 16:49:01.927  3122-3122  Repository              com.example.financialapp             D  锚点系统：月份切换到2025年7月，不自动创建记录
2025-07-08 16:49:01.927  3122-3122  Repository              com.example.financialapp             D  更新显示值，当前月份: 2025-07
2025-07-08 16:49:01.927  3122-3122  Repository              com.example.financialapp             D  获取2025年7月设置: 工资=0.0, 来源=无记录
2025-07-08 16:49:01.929  3122-3122  Repository              com.example.financialapp             D  更新前 - 工资项: 2个, 总工资: 0.0, 社保: 0.0, 公积金: 0.0
2025-07-08 16:49:01.930  3122-3122  Repository              com.example.financialapp             D  更新后 - 工资项: 2个, 总工资: 0.0, 社保: 0.0, 公积金: 0.0
2025-07-08 16:49:01.931  3122-3122  Repository              com.example.financialapp             D  切换到2025年7月
2025-07-08 16:49:01.931  3122-3122  MainActivity            com.example.financialapp             D  当前Fragment数量: 1
2025-07-08 16:49:01.931  3122-3122  MainActivity            com.example.financialapp             D  Fragment类型: SettingsFragment
2025-07-08 16:49:01.935  3122-3122  Repository              com.example.financialapp             D  获取2025年7月设置: 工资=0.0, 来源=无记录
2025-07-08 16:49:01.935  3122-3122  SettingsViewModel       com.example.financialapp             D  === 接收月份变更通知 ===
2025-07-08 16:49:01.935  3122-3122  SettingsViewModel       com.example.financialapp             D  从2025年7月切换到2025年7月
2025-07-08 16:49:01.935  3122-3122  Repository              com.example.financialapp             D  锚点系统：月份切换到2025年7月，不自动创建记录
2025-07-08 16:49:01.935  3122-3122  Repository              com.example.financialapp             D  更新显示值，当前月份: 2025-07
2025-07-08 16:49:01.935  3122-3122  Repository              com.example.financialapp             D  获取2025年7月设置: 工资=0.0, 来源=无记录
2025-07-08 16:49:01.935  3122-3122  Repository              com.example.financialapp             D  更新前 - 工资项: 2个, 总工资: 0.0, 社保: 0.0, 公积金: 0.0
2025-07-08 16:49:01.935  3122-3122  Repository              com.example.financialapp             D  更新后 - 工资项: 2个, 总工资: 0.0, 社保: 0.0, 公积金: 0.0
2025-07-08 16:49:01.936  3122-3122  Repository              com.example.financialapp             D  切换到2025年7月
2025-07-08 16:49:01.936  3122-3122  Repository              com.example.financialapp             D  获取2025年7月设置: 工资=0.0, 来源=无记录
2025-07-08 16:49:01.936  3122-3122  SettingsViewModel       com.example.financialapp             D  月份切换完成，已重新加载设置
2025-07-08 16:49:01.936  3122-3122  SettingsFragment        com.example.financialapp             D  收到月份变更通知: 2025年7月
2025-07-08 16:49:01.936  3122-3122  MainActivity            com.example.financialapp             D  已通知SettingsFragment月份变更
2025-07-08 16:49:01.936  3122-3122  MainActivity            com.example.financialapp             D  月份切换到2025年7月
2025-07-08 16:49:01.937  3122-3122  Choreographer           com.example.financialapp             I  Skipped 30 frames!  The application may be doing too much work on its main thread.
2025-07-08 16:49:01.946  3122-3266  Repository              com.example.financialapp             D  获取2025年7月设置: 工资=0.0, 来源=无记录
2025-07-08 16:49:01.963  3122-3266  Repository              com.example.financialapp             D  获取2025年1月设置: 工资=0.0, 来源=无记录
2025-07-08 16:49:01.963  3122-3266  Repository              com.example.financialapp             D  获取2025年2月设置: 工资=0.0, 来源=无记录
2025-07-08 16:49:01.963  3122-3266  Repository              com.example.financialapp             D  获取2025年3月设置: 工资=0.0, 来源=无记录
2025-07-08 16:49:01.964  3122-3266  Repository              com.example.financialapp             D  获取2025年4月设置: 工资=0.0, 来源=无记录
2025-07-08 16:49:01.965  3122-3266  Repository              com.example.financialapp             D  获取2025年5月设置: 工资=0.0, 来源=无记录
2025-07-08 16:49:01.965  3122-3266  Repository              com.example.financialapp             D  获取2025年6月设置: 工资=0.0, 来源=无记录
2025-07-08 16:49:01.965  3122-3266  Repository              com.example.financialapp             D  获取2025年7月设置: 工资=0.0, 来源=无记录
2025-07-08 16:49:01.965  3122-3266  Repository              com.example.financialapp             D  获取2025年1月设置: 工资=0.0, 来源=无记录
2025-07-08 16:49:01.965  3122-3266  Repository              com.example.financialapp             D  获取2025年2月设置: 工资=0.0, 来源=无记录
2025-07-08 16:49:01.966  3122-3266  Repository              com.example.financialapp             D  获取2025年3月设置: 工资=0.0, 来源=无记录
2025-07-08 16:49:01.966  3122-3266  Repository              com.example.financialapp             D  获取2025年4月设置: 工资=0.0, 来源=无记录
2025-07-08 16:49:01.968  3122-3266  Repository              com.example.financialapp             D  获取2025年5月设置: 工资=0.0, 来源=无记录
2025-07-08 16:49:01.968  3122-3266  Repository              com.example.financialapp             D  获取2025年6月设置: 工资=0.0, 来源=无记录
2025-07-08 16:49:01.968  3122-3266  Repository              com.example.financialapp             D  累积计税: 2025年7月
2025-07-08 16:49:01.969  3122-3266  Repository              com.example.financialapp             D  累计应纳税所得额: 0.0
2025-07-08 16:49:01.969  3122-3266  Repository              com.example.financialapp             D  累计应纳税额: 0.0
2025-07-08 16:49:01.969  3122-3266  Repository              com.example.financialapp             D  上月累计已缴税额: 0.0
2025-07-08 16:49:01.969  3122-3266  Repository              com.example.financialapp             D  当月应缴税额: 0.0
2025-07-08 16:49:01.969  3122-3266  Repository              com.example.financialapp             D  财务计算: 总工资=0.0, 纳税基数=0.0, 社保基数=0.0
2025-07-08 16:49:01.970  3122-3266  Repository              com.example.financialapp             D  社保=0.0, 公积金=0.0, 税额=0.0, 实发=0.0
2025-07-08 16:49:02.206  3122-3261  HWUI                    com.example.financialapp             I  Davey! duration=767ms; Flags=0, FrameTimelineVsyncId=10001, IntendedVsync=78769374399, Vsync=79269374379, InputEventId=0, HandleInputStart=79277259572, AnimationStart=79277261079, PerformTraversalsStart=79277566931, DrawStart=79443927014, FrameDeadline=79536041035, FrameStartTime=79273948004, FrameInterval=16666666, WorkloadTarget=16666666, SyncQueued=79510029998, SyncStart=79511840848, IssueDrawCommandsStart=79516157729, SwapBuffers=79524115294, FrameCompleted=79538496758, DequeueBufferDuration=5847, QueueBufferDuration=3395627, GpuCompleted=79538496758, SwapBuffersCompleted=79532665788, DisplayPresentTime=0, CommandSubmissionCompleted=79524115294, 
2025-07-08 16:49:02.338  3122-3122  ImeTracker              com.example.financialapp             I  com.example.financialapp:311958f6: onRequestHide at ORIGIN_CLIENT reason HIDE_SOFT_INPUT fromUser false
2025-07-08 16:49:02.338  3122-3122  ImeTracker              com.example.financialapp             I  com.example.financialapp:311958f6: onFailed at PHASE_CLIENT_VIEW_SERVED
2025-07-08 16:49:02.427  3122-3122  HomeViewModel           com.example.financialapp             D  财务数据已更新(设置变更): 工资=0.0, 净收入=0.0
2025-07-08 16:49:02.431  3122-3266  Repository              com.example.financialapp             D  获取2025年7月设置: 工资=0.0, 来源=无记录
2025-07-08 16:49:02.439  3122-3266  Repository              com.example.financialapp             D  获取2025年1月设置: 工资=0.0, 来源=无记录
2025-07-08 16:49:02.447  3122-3266  Repository              com.example.financialapp             D  获取2025年2月设置: 工资=0.0, 来源=无记录
2025-07-08 16:49:02.450  3122-3266  Repository              com.example.financialapp             D  获取2025年3月设置: 工资=0.0, 来源=无记录
2025-07-08 16:49:02.451  3122-3266  Repository              com.example.financialapp             D  获取2025年4月设置: 工资=0.0, 来源=无记录
2025-07-08 16:49:02.453  3122-3266  Repository              com.example.financialapp             D  获取2025年5月设置: 工资=0.0, 来源=无记录
2025-07-08 16:49:02.453  3122-3266  Repository              com.example.financialapp             D  获取2025年6月设置: 工资=0.0, 来源=无记录
2025-07-08 16:49:02.454  3122-3266  Repository              com.example.financialapp             D  获取2025年7月设置: 工资=0.0, 来源=无记录
2025-07-08 16:49:02.454  3122-3266  Repository              com.example.financialapp             D  获取2025年1月设置: 工资=0.0, 来源=无记录
2025-07-08 16:49:02.457  3122-3266  Repository              com.example.financialapp             D  获取2025年2月设置: 工资=0.0, 来源=无记录
2025-07-08 16:49:02.461  3122-3266  Repository              com.example.financialapp             D  获取2025年3月设置: 工资=0.0, 来源=无记录
2025-07-08 16:49:02.461  3122-3266  Repository              com.example.financialapp             D  获取2025年4月设置: 工资=0.0, 来源=无记录
2025-07-08 16:49:02.472  3122-3266  Repository              com.example.financialapp             D  获取2025年5月设置: 工资=0.0, 来源=无记录
2025-07-08 16:49:02.482  3122-3266  Repository              com.example.financialapp             D  获取2025年6月设置: 工资=0.0, 来源=无记录
2025-07-08 16:49:02.482  3122-3266  Repository              com.example.financialapp             D  累积计税: 2025年7月
2025-07-08 16:49:02.482  3122-3266  Repository              com.example.financialapp             D  累计应纳税所得额: 0.0
2025-07-08 16:49:02.482  3122-3266  Repository              com.example.financialapp             D  累计应纳税额: 0.0
2025-07-08 16:49:02.482  3122-3266  Repository              com.example.financialapp             D  上月累计已缴税额: 0.0
2025-07-08 16:49:02.482  3122-3266  Repository              com.example.financialapp             D  当月应缴税额: 0.0
2025-07-08 16:49:02.482  3122-3266  Repository              com.example.financialapp             D  财务计算: 总工资=0.0, 纳税基数=0.0, 社保基数=0.0
2025-07-08 16:49:02.482  3122-3266  Repository              com.example.financialapp             D  社保=0.0, 公积金=0.0, 税额=0.0, 实发=0.0
2025-07-08 16:49:02.562  3122-3122  HomeViewModel           com.example.financialapp             D  财务数据已更新(设置变更): 工资=0.0, 净收入=0.0
2025-07-08 16:49:03.052  1530-1761  .apps.wellbeing         com.google.android.apps.wellbeing    E  Failed to open APK '/data/app/~~j6-FbWjifCyVj7Es46wf-A==/com.example.financialapp-tj_QbFT9d7PeWBvdSTfBbQ==/base.apk': I/O error
2025-07-08 16:49:03.078  1530-1761  .apps.wellbeing         com.google.android.apps.wellbeing    E  Failed to open APK '/data/app/~~j6-FbWjifCyVj7Es46wf-A==/com.example.financialapp-tj_QbFT9d7PeWBvdSTfBbQ==/base.apk': I/O error
2025-07-08 16:49:03.078  1530-1761  ResourcesManager        com.google.android.apps.wellbeing    E  failed to add asset path '/data/app/~~j6-FbWjifCyVj7Es46wf-A==/com.example.financialapp-tj_QbFT9d7PeWBvdSTfBbQ==/base.apk'
                                                                                                    java.io.IOException: Failed to load asset path /data/app/~~j6-FbWjifCyVj7Es46wf-A==/com.example.financialapp-tj_QbFT9d7PeWBvdSTfBbQ==/base.apk
                                                                                                    	at android.content.res.ApkAssets.nativeLoad(Native Method)
                                                                                                    	at android.content.res.ApkAssets.<init>(ApkAssets.java:322)
                                                                                                    	at android.content.res.ApkAssets.loadFromPath(ApkAssets.java:171)
                                                                                                    	at android.app.ResourcesManager.loadApkAssets(ResourcesManager.java:618)
                                                                                                    	at android.app.ResourcesManager$ApkAssetsSupplier.load(ResourcesManager.java:287)
                                                                                                    	at android.app.ResourcesManager.createAssetManager(ResourcesManager.java:714)
                                                                                                    	at android.app.ResourcesManager.createResourcesImpl(ResourcesManager.java:801)
                                                                                                    	at android.app.ResourcesManager.findOrCreateResourcesImplForKeyLocked(ResourcesManager.java:854)
                                                                                                    	at android.app.ResourcesManager.createResources(ResourcesManager.java:1199)
                                                                                                    	at android.app.ResourcesManager.getResources(ResourcesManager.java:1301)
                                                                                                    	at android.app.ActivityThread.getTopLevelResources(ActivityThread.java:2979)
                                                                                                    	at android.app.ApplicationPackageManager.getResourcesForApplication(ApplicationPackageManager.java:2154)
                                                                                                    	at android.app.ApplicationPackageManager.getResourcesForApplication(ApplicationPackageManager.java:2140)
                                                                                                    	at android.app.ApplicationPackageManager.getText(ApplicationPackageManager.java:2481)
                                                                                                    	at android.content.pm.PackageItemInfo.loadUnsafeLabel(PackageItemInfo.java:237)
                                                                                                    	at android.content.pm.PackageItemInfo.loadLabel(PackageItemInfo.java:226)
                                                                                                    	at android.app.ApplicationPackageManager.getApplicationLabel(ApplicationPackageManager.java:2526)
                                                                                                    	at cut.c(PG:38)
                                                                                                    	at cfv.apply(PG:391)
                                                                                                    	at e$$ExternalSyntheticApiModelOutline1.m(D8$$SyntheticClass:47)
                                                                                                    	at lcx.accept(PG:44)
                                                                                                    	at j$.util.stream.M0.accept(SourceFile:3)
                                                                                                    	at j$.util.D.x(SourceFile:24)
                                                                                                    	at j$.util.T.forEachRemaining(SourceFile:24)
                                                                                                    	at j$.util.stream.b.c(SourceFile:21)
                                                                                                    	at j$.util.stream.b.y(SourceFile:8)
                                                                                                    	at j$.util.stream.F.b(SourceFile:5)
                                                                                                    	at j$.util.stream.b.f(SourceFile:35)
                                                                                                    	at j$.util.stream.c1.collect(SourceFile:83)
                                                                                                    	at bva.a(PG:99)
                                                                                                    	at kbp.a(PG:301)
                                                                                                    	at kbp.a(PG:38)
                                                                                                    	at ltp.a(PG:3)
                                                                                                    	at lsv.run(PG:19)
                                                                                                    	at ltr.run(PG:5)
                                                                                                    	at lrz.run(PG:17)
                                                                                                    	at idd.run(PG:3)
                                                                                                    	at loz.run(PG:50)
                                                                                                    	at hsu.run(PG:768)
                                                                                                    	at java.lang.Thread.run(Thread.java:1119)
                                                                                                    	at ieo.run(PG:63)
2025-07-08 16:49:06.669  3122-3122  AutofillManager         com.example.financialapp             I  showAutofillDialog() return false due to improve fill dialog
2025-07-08 16:49:06.670  3122-3122  ImeTracker              com.example.financialapp             I  com.example.financialapp:b362fcb7: onRequestShow at ORIGIN_CLIENT reason SHOW_SOFT_INPUT fromUser true
2025-07-08 16:49:06.671  3122-3122  InsetsController        com.example.financialapp             D  show(ime(), fromIme=false)
2025-07-08 16:49:06.674  3122-3122  InsetsController        com.example.financialapp             D  Setting requestedVisibleTypes to -1 (was -9)
2025-07-08 16:49:06.732  3122-3122  AssistStructure         com.example.financialapp             I  Flattened final assist data: 7656 bytes, containing 1 windows, 59 views
2025-07-08 16:49:06.809  3122-3133  le.financialapp         com.example.financialapp             I  Background concurrent mark compact GC freed 3671KB AllocSpace bytes, 0(0B) LOS objects, 49% free, 4500KB/9000KB, paused 5.513ms,17.169ms total 165.429ms
2025-07-08 16:49:08.224  3122-3818  InteractionJankMonitor  com.example.financialapp             W  Initializing without READ_DEVICE_CONFIG permission. enabled=false, interval=1, missedFrameThreshold=3, frameTimeThreshold=64, package=com.example.financialapp
2025-07-08 16:49:08.473  3122-3122  ImeTracker              com.example.financialapp             I  com.example.financialapp:b362fcb7: onShown
2025-07-08 16:49:11.679  3122-3122  Repository              com.example.financialapp             D  更新工资项金额: basic_salary = 1.0
2025-07-08 16:49:11.680  3122-3122  SettingsViewModel       com.example.financialapp             D  更新工资项金额: basic_salary = 1.0
2025-07-08 16:49:12.391  3122-3122  Repository              com.example.financialapp             D  更新工资项金额: basic_salary = 18.0
2025-07-08 16:49:12.391  3122-3122  SettingsViewModel       com.example.financialapp             D  更新工资项金额: basic_salary = 18.0
2025-07-08 16:49:12.731  3122-3122  Repository              com.example.financialapp             D  更新工资项金额: basic_salary = 185.0
2025-07-08 16:49:12.731  3122-3122  SettingsViewModel       com.example.financialapp             D  更新工资项金额: basic_salary = 185.0
2025-07-08 16:49:13.005  3122-3122  Repository              com.example.financialapp             D  更新工资项金额: basic_salary = 1850.0
2025-07-08 16:49:13.005  3122-3122  SettingsViewModel       com.example.financialapp             D  更新工资项金额: basic_salary = 1850.0
2025-07-08 16:49:13.210  3122-3122  Repository              com.example.financialapp             D  更新工资项金额: basic_salary = 18500.0
2025-07-08 16:49:13.210  3122-3122  SettingsViewModel       com.example.financialapp             D  更新工资项金额: basic_salary = 18500.0
2025-07-08 16:49:14.428  3122-3122  AutofillManager         com.example.financialapp             I  showAutofillDialog() return false due to improve fill dialog
2025-07-08 16:49:14.428  3122-3122  ImeTracker              com.example.financialapp             I  com.example.financialapp:1ada47ec: onRequestShow at ORIGIN_CLIENT reason SHOW_SOFT_INPUT fromUser true
2025-07-08 16:49:14.428  3122-3122  InsetsController        com.example.financialapp             D  show(ime(), fromIme=false)
2025-07-08 16:49:14.428  3122-3122  ImeTracker              com.example.financialapp             I  com.example.financialapp:1ada47ec: onCancelled at PHASE_CLIENT_APPLY_ANIMATION
2025-07-08 16:49:14.443  3122-3122  RemoteInpu...ectionImpl com.example.financialapp             W  requestCursorUpdates on inactive InputConnection
2025-07-08 16:49:14.470  3122-3122  WindowOnBackDispatcher  com.example.financialapp             W  sendCancelIfRunning: isInProgress=false callback=android.view.ImeBackAnimationController@5cd86dc
2025-07-08 16:49:15.964  3122-3122  Repository              com.example.financialapp             D  更新工资项金额: allowance = 2.0
2025-07-08 16:49:15.965  3122-3122  SettingsViewModel       com.example.financialapp             D  更新工资项金额: allowance = 2.0
2025-07-08 16:49:16.194  3122-3122  Repository              com.example.financialapp             D  更新工资项金额: allowance = 25.0
2025-07-08 16:49:16.195  3122-3122  SettingsViewModel       com.example.financialapp             D  更新工资项金额: allowance = 25.0
2025-07-08 16:49:16.518  3122-3122  Repository              com.example.financialapp             D  更新工资项金额: allowance = 250.0
2025-07-08 16:49:16.518  3122-3122  SettingsViewModel       com.example.financialapp             D  更新工资项金额: allowance = 250.0
2025-07-08 16:49:24.294  3122-3122  ImeTracker              com.example.financialapp             I  com.example.financialapp:2ac0a6c1: onCancelled at PHASE_CLIENT_ON_CONTROLS_CHANGED
2025-07-08 16:49:24.399  3122-3122  WindowOnBackDispatcher  com.example.financialapp             W  sendCancelIfRunning: isInProgress=false callback=android.view.ImeBackAnimationController@5cd86dc
2025-07-08 16:49:24.445  3122-3122  InsetsController        com.example.financialapp             D  hide(ime(), fromIme=false)
2025-07-08 16:49:24.445  3122-3122  ImeTracker              com.example.financialapp             I  com.example.financialapp:c68eefa5: onCancelled at PHASE_CLIENT_ALREADY_HIDDEN
2025-07-08 16:49:24.445  3122-3122  RemoteInpu...ectionImpl com.example.financialapp             W  requestCursorUpdates on inactive InputConnection
2025-07-08 16:49:24.506  3122-3122  WindowOnBackDispatcher  com.example.financialapp             W  sendCancelIfRunning: isInProgress=false callback=android.view.ImeBackAnimationController@90f6d4f
2025-07-08 16:49:24.586  3122-3122  WindowOnBackDispatcher  com.example.financialapp             W  sendCancelIfRunning: isInProgress=false callback=android.view.ImeBackAnimationController@90f6d4f
2025-07-08 16:49:31.728  3122-3122  AutofillManager         com.example.financialapp             I  showAutofillDialog() return false due to improve fill dialog
2025-07-08 16:49:31.729  3122-3122  ImeTracker              com.example.financialapp             I  com.example.financialapp:a1a676c5: onRequestShow at ORIGIN_CLIENT reason SHOW_SOFT_INPUT fromUser true
2025-07-08 16:49:31.729  3122-3122  InsetsController        com.example.financialapp             D  show(ime(), fromIme=false)
2025-07-08 16:49:31.729  3122-3122  InsetsController        com.example.financialapp             D  Setting requestedVisibleTypes to -1 (was -9)
2025-07-08 16:49:31.745  3122-3122  AssistStructure         com.example.financialapp             I  Flattened final assist data: 11128 bytes, containing 2 windows, 87 views
2025-07-08 16:49:32.669  3122-3122  ImeTracker              com.example.financialapp             I  com.example.financialapp:a1a676c5: onShown
2025-07-08 16:49:35.927  3122-3122  AutofillManager         com.example.financialapp             I  showAutofillDialog() return false due to improve fill dialog
2025-07-08 16:49:35.927  3122-3122  ImeTracker              com.example.financialapp             I  com.example.financialapp:85c31528: onRequestShow at ORIGIN_CLIENT reason SHOW_SOFT_INPUT fromUser true
2025-07-08 16:49:35.927  3122-3122  InsetsController        com.example.financialapp             D  show(ime(), fromIme=false)
2025-07-08 16:49:35.927  3122-3122  ImeTracker              com.example.financialapp             I  com.example.financialapp:85c31528: onCancelled at PHASE_CLIENT_APPLY_ANIMATION
2025-07-08 16:49:41.015  3122-3122  AutofillManager         com.example.financialapp             I  showAutofillDialog() return false due to improve fill dialog
2025-07-08 16:49:41.016  3122-3122  ImeTracker              com.example.financialapp             I  com.example.financialapp:e2b0ee4d: onRequestShow at ORIGIN_CLIENT reason SHOW_SOFT_INPUT fromUser true
2025-07-08 16:49:41.017  3122-3122  InsetsController        com.example.financialapp             D  show(ime(), fromIme=false)
2025-07-08 16:49:41.017  3122-3122  ImeTracker              com.example.financialapp             I  com.example.financialapp:e2b0ee4d: onCancelled at PHASE_CLIENT_APPLY_ANIMATION
2025-07-08 16:49:41.034  3122-3122  HWUI                    com.example.financialapp             W  Image decoding logging dropped!
2025-07-08 16:49:41.037  3122-3122  HWUI                    com.example.financialapp             W  Image decoding logging dropped!
2025-07-08 16:49:41.039  3122-3122  HWUI                    com.example.financialapp             W  Image decoding logging dropped!
2025-07-08 16:49:41.056  3122-3122  RemoteInpu...ectionImpl com.example.financialapp             W  requestCursorUpdates on inactive InputConnection
2025-07-08 16:49:41.129  3122-3122  WindowOnBackDispatcher  com.example.financialapp             W  sendCancelIfRunning: isInProgress=false callback=android.view.ImeBackAnimationController@90f6d4f
2025-07-08 16:49:42.196  3122-3122  WindowOnBackDispatcher  com.example.financialapp             W  sendCancelIfRunning: isInProgress=false callback=android.widget.PopupWindow$PopupDecorView$$ExternalSyntheticLambda1@7b68f88
2025-07-08 16:49:46.555  3122-3122  Repository              com.example.financialapp             D  添加工资项: zhangxin, 金额=800.0
2025-07-08 16:49:46.555  3122-3122  SettingsViewModel       com.example.financialapp             D  添加工资项: zhangxin, 金额=800.0
2025-07-08 16:49:46.556  3122-3122  WindowOnBackDispatcher  com.example.financialapp             W  sendCancelIfRunning: isInProgress=false callback=android.view.ImeBackAnimationController@90f6d4f
2025-07-08 16:49:46.557  3122-3122  WindowOnBackDispatcher  com.example.financialapp             W  sendCancelIfRunning: isInProgress=false callback=android.app.Dialog$$ExternalSyntheticLambda2@c35e608
2025-07-08 16:49:46.568  3122-3166  HWUI                    com.example.financialapp             D  endAllActiveAnimators on 0x77151f2ace80 (RippleDrawable) with handle 0x77131f2713b0
2025-07-08 16:49:46.761  3122-3122  RemoteInpu...ectionImpl com.example.financialapp             W  requestCursorUpdates on inactive InputConnection
2025-07-08 16:49:46.796  3122-3122  ImeTracker              com.example.financialapp             I  system_server:bb1decb8: onCancelled at PHASE_CLIENT_ON_CONTROLS_CHANGED
2025-07-08 16:49:46.797  3122-3122  ImeBackDispatcher       com.example.financialapp             E  Ime callback not found. Ignoring unregisterReceivedCallback. callbackId: 105604504
2025-07-08 16:49:55.020  3122-3122  AutofillManager         com.example.financialapp             I  showAutofillDialog() return false due to improve fill dialog
2025-07-08 16:49:55.021  3122-3122  ImeTracker              com.example.financialapp             I  com.example.financialapp:c5048b79: onRequestShow at ORIGIN_CLIENT reason SHOW_SOFT_INPUT fromUser true
2025-07-08 16:49:55.021  3122-3122  InsetsController        com.example.financialapp             D  show(ime(), fromIme=false)
2025-07-08 16:49:55.021  3122-3122  ImeTracker              com.example.financialapp             I  com.example.financialapp:c5048b79: onCancelled at PHASE_CLIENT_APPLY_ANIMATION
2025-07-08 16:49:55.034  3122-3122  AssistStructure         com.example.financialapp             I  Flattened final assist data: 8184 bytes, containing 2 windows, 64 views
2025-07-08 16:49:55.039  3122-3122  RemoteInpu...ectionImpl com.example.financialapp             W  requestCursorUpdates on inactive InputConnection
2025-07-08 16:49:55.114  3122-3122  WindowOnBackDispatcher  com.example.financialapp             W  sendCancelIfRunning: isInProgress=false callback=android.view.ImeBackAnimationController@5cd86dc
2025-07-08 16:49:55.980  3122-3122  AutofillManager         com.example.financialapp             I  showAutofillDialog() return false due to improve fill dialog
2025-07-08 16:49:55.981  3122-3122  ImeTracker              com.example.financialapp             I  com.example.financialapp:c565d24d: onRequestShow at ORIGIN_CLIENT reason SHOW_SOFT_INPUT fromUser true
2025-07-08 16:49:55.981  3122-3122  InsetsController        com.example.financialapp             D  show(ime(), fromIme=false)
2025-07-08 16:49:55.981  3122-3122  ImeTracker              com.example.financialapp             I  com.example.financialapp:c565d24d: onCancelled at PHASE_CLIENT_APPLY_ANIMATION
2025-07-08 16:49:55.981  3122-3122  WindowOnBackDispatcher  com.example.financialapp             W  sendCancelIfRunning: isInProgress=false callback=android.widget.PopupWindow$PopupDecorView$$ExternalSyntheticLambda1@564a9d8
2025-07-08 16:49:56.623  3122-3122  AutofillManager         com.example.financialapp             I  showAutofillDialog() return false due to improve fill dialog
2025-07-08 16:49:56.624  3122-3122  ImeTracker              com.example.financialapp             I  com.example.financialapp:3ceecb9b: onRequestShow at ORIGIN_CLIENT reason SHOW_SOFT_INPUT fromUser true
2025-07-08 16:49:56.624  3122-3122  InsetsController        com.example.financialapp             D  show(ime(), fromIme=false)
2025-07-08 16:49:56.624  3122-3122  ImeTracker              com.example.financialapp             I  com.example.financialapp:3ceecb9b: onCancelled at PHASE_CLIENT_APPLY_ANIMATION
2025-07-08 16:49:56.624  3122-3122  WindowOnBackDispatcher  com.example.financialapp             W  sendCancelIfRunning: isInProgress=false callback=android.widget.PopupWindow$PopupDecorView$$ExternalSyntheticLambda1@6205a87
2025-07-08 16:49:56.852  3122-3122  WindowOnBackDispatcher  com.example.financialapp             W  sendCancelIfRunning: isInProgress=false callback=android.widget.PopupWindow$PopupDecorView$$ExternalSyntheticLambda1@fbaf176
2025-07-08 16:49:56.859  3122-3122  Repository              com.example.financialapp             D  更新工资项金额: allowance = 50.0
2025-07-08 16:49:56.859  3122-3122  SettingsViewModel       com.example.financialapp             D  更新工资项金额: allowance = 50.0
2025-07-08 16:49:57.211  3122-3122  AutofillManager         com.example.financialapp             I  showAutofillDialog() return false due to improve fill dialog
2025-07-08 16:49:57.212  3122-3122  ImeTracker              com.example.financialapp             I  com.example.financialapp:c133616e: onRequestShow at ORIGIN_CLIENT reason SHOW_SOFT_INPUT fromUser true
2025-07-08 16:49:57.212  3122-3122  InsetsController        com.example.financialapp             D  show(ime(), fromIme=false)
2025-07-08 16:49:57.212  3122-3122  ImeTracker              com.example.financialapp             I  com.example.financialapp:c133616e: onCancelled at PHASE_CLIENT_APPLY_ANIMATION
2025-07-08 16:49:57.888  3122-3122  WindowOnBackDispatcher  com.example.financialapp             W  sendCancelIfRunning: isInProgress=false callback=android.widget.PopupWindow$PopupDecorView$$ExternalSyntheticLambda1@efd4b81
2025-07-08 16:49:57.898  3122-3122  Repository              com.example.financialapp             D  更新工资项金额: allowance = 500.0
2025-07-08 16:49:57.898  3122-3122  SettingsViewModel       com.example.financialapp             D  更新工资项金额: allowance = 500.0
2025-07-08 16:50:06.705  3122-3122  AutofillManager         com.example.financialapp             I  showAutofillDialog() return false due to improve fill dialog
2025-07-08 16:50:06.706  3122-3122  ImeTracker              com.example.financialapp             I  com.example.financialapp:d7d6cf95: onRequestShow at ORIGIN_CLIENT reason SHOW_SOFT_INPUT fromUser true
2025-07-08 16:50:06.706  3122-3122  InsetsController        com.example.financialapp             D  show(ime(), fromIme=false)
2025-07-08 16:50:06.707  3122-3122  ImeTracker              com.example.financialapp             I  com.example.financialapp:d7d6cf95: onCancelled at PHASE_CLIENT_APPLY_ANIMATION
2025-07-08 16:50:06.711  3122-3122  RemoteInpu...ectionImpl com.example.financialapp             W  requestCursorUpdates on inactive InputConnection
2025-07-08 16:50:06.720  3122-3122  WindowOnBackDispatcher  com.example.financialapp             W  sendCancelIfRunning: isInProgress=false callback=android.view.ImeBackAnimationController@5cd86dc
2025-07-08 16:50:09.672  3122-3122  AutofillManager         com.example.financialapp             I  showAutofillDialog() return false due to improve fill dialog
2025-07-08 16:50:09.673  3122-3122  ImeTracker              com.example.financialapp             I  com.example.financialapp:62f9610f: onRequestShow at ORIGIN_CLIENT reason SHOW_SOFT_INPUT fromUser true
2025-07-08 16:50:09.673  3122-3122  InsetsController        com.example.financialapp             D  show(ime(), fromIme=false)
2025-07-08 16:50:09.673  3122-3122  ImeTracker              com.example.financialapp             I  com.example.financialapp:62f9610f: onCancelled at PHASE_CLIENT_APPLY_ANIMATION
